// Jest Snapshot v1, https://goo.gl/fbAQLP

exports[`Pokemon should render loading 1`] = `<Loading />`;

exports[`Pokemon should render with pokemon data 1`] = `
<div
  className="container"
>
  <div
    className="Pokemon"
  >
    <div
      className="goback"
    >
      <GoBackButton />
    </div>
    <div
      className="content"
    >
      <div
        className="slider"
      >
        <Slider />
      </div>
      <div
        className="info"
      >
        <h3
          className="mb-5"
        >
          Name
        </h3>
        <StatsTable
          pokemon={
            Object {
              "name": "name",
            }
          }
        />
      </div>
    </div>
  </div>
</div>
`;
